// Jest Snapshot v1, https://goo.gl/fbAQLP

exports[`RenderRecommendation UI test renders correctly 1`] = `
<ViewManagerAdapter_ExpoLinearGradient
  proxiedProperties={
    Object {
      "colors": Array [
        4287090411,
        4283256319,
      ],
      "endPoint": Array [
        1,
        1,
      ],
      "locations": undefined,
      "startPoint": Array [
        0,
        0,
      ],
    }
  }
  style={
    Object {
      "flex": 1,
      "padding": 5,
    }
  }
>
  <RCTScrollView
    style={
      Object {
        "flex": 1,
        "padding": 5,
      }
    }
  >
    <View>
      <Text
        size="20px"
        style={
          Array [
            Object {
              "fontFamily": "Gill Sans",
              "fontSize": 20,
              "fontWeight": "bold",
              "textAlign": "center",
              "textDecorationLine": "none",
            },
          ]
        }
      >
        Anime similar to Log Horizon 2nd Season
      </Text>
      <View
        accessible={true}
        collapsable={false}
        focusable={true}
        onClick={[Function]}
        onResponderGrant={[Function]}
        onResponderMove={[Function]}
        onResponderRelease={[Function]}
        onResponderTerminate={[Function]}
        onResponderTerminationRequest={[Function]}
        onStartShouldSetResponder={[Function]}
        style={
          Object {
            "alignSelf": "stretch",
            "backgroundColor": "#7FFFD4",
            "borderRadius": 10,
            "borderWidth": 1,
            "marginBottom": 5,
            "marginLeft": 5,
            "marginRight": 5,
            "marginTop": 5,
            "opacity": 1,
            "paddingBottom": 5,
            "paddingLeft": 5,
            "paddingRight": 5,
            "paddingTop": 5,
          }
        }
        testID="backButton"
      >
        <Text
          style={
            Array [
              Object {
                "color": "#483d8b",
                "fontSize": 14,
                "textAlign": "center",
              },
            ]
          }
        >
          Go Back
        </Text>
      </View>
      <View
        style={
          Object {
            "borderBottomWidth": 1,
            "flexDirection": "row",
            "paddingBottom": 10,
          }
        }
      >
        <View
          accessible={true}
          collapsable={false}
          focusable={true}
          onClick={[Function]}
          onResponderGrant={[Function]}
          onResponderMove={[Function]}
          onResponderRelease={[Function]}
          onResponderTerminate={[Function]}
          onResponderTerminationRequest={[Function]}
          onStartShouldSetResponder={[Function]}
          style={
            Object {
              "alignSelf": "stretch",
              "backgroundColor": "#00ffff",
              "borderColor": "#000000",
              "borderRadius": 10,
              "borderWidth": 1,
              "flexBasis": 0,
              "flexGrow": 1,
              "flexShrink": 1,
              "marginBottom": 5,
              "marginHorizontal": 10,
              "marginLeft": 5,
              "marginRight": 5,
              "marginTop": 5,
              "opacity": 1,
              "paddingBottom": 5,
              "paddingLeft": 5,
              "paddingRight": 5,
              "paddingTop": 5,
            }
          }
          testID="decreaseButton"
        >
          <Text
            size="12px"
            style={
              Array [
                Object {
                  "color": "#483d8b",
                  "fontSize": 12,
                  "textAlign": "center",
                },
              ]
            }
          >
            Previous recommendation
          </Text>
        </View>
        <View
          accessible={true}
          collapsable={false}
          focusable={true}
          onClick={[Function]}
          onResponderGrant={[Function]}
          onResponderMove={[Function]}
          onResponderRelease={[Function]}
          onResponderTerminate={[Function]}
          onResponderTerminationRequest={[Function]}
          onStartShouldSetResponder={[Function]}
          style={
            Object {
              "alignSelf": "stretch",
              "backgroundColor": "#00ffff",
              "borderColor": "#000000",
              "borderRadius": 10,
              "borderWidth": 1,
              "flexBasis": 0,
              "flexGrow": 1,
              "flexShrink": 1,
              "marginBottom": 5,
              "marginHorizontal": 10,
              "marginLeft": 5,
              "marginRight": 5,
              "marginTop": 5,
              "opacity": 1,
              "paddingBottom": 5,
              "paddingLeft": 5,
              "paddingRight": 5,
              "paddingTop": 5,
            }
          }
          testID="increaseButton"
        >
          <Text
            size="12px"
            style={
              Array [
                Object {
                  "color": "#483d8b",
                  "fontSize": 12,
                  "textAlign": "center",
                },
              ]
            }
          >
            Next recommendation
          </Text>
        </View>
      </View>
      <View
        style={
          Array [
            Object {
              "backgroundColor": "white",
              "borderRadius": 10,
              "marginBottom": 20,
              "marginLeft": 5,
              "marginRight": 5,
              "marginTop": 20,
              "paddingBottom": 15,
              "paddingLeft": 15,
              "paddingRight": 15,
              "paddingTop": 15,
            },
          ]
        }
      >
        <View
          style={
            Array [
              Object {
                "alignItems": "center",
                "flexDirection": "row",
                "marginBottom": 20,
                "width": "100%",
              },
            ]
          }
        >
          <Image
            source={
              Object {
                "uri": "https://cdn.myanimelist.net/images/anime/5/84004.jpg",
              }
            }
            style={
              Array [
                Object {
                  "height": 300,
                  "width": 225,
                },
              ]
            }
          />
          <View
            style={
              Array [
                Object {
                  "flexBasis": 0,
                  "flexGrow": 1,
                  "flexShrink": 1,
                  "height": "100%",
                  "marginLeft": 20,
                },
              ]
            }
          >
            <Text
              style={
                Array [
                  Object {
                    "fontSize": 18,
                    "fontWeight": "500",
                    "textAlign": "center",
                    "width": "100%",
                  },
                ]
              }
              testID="title"
            >
              Log Horizon
            </Text>
            <View
              style={
                Array [
                  Object {
                    "backgroundColor": "black",
                    "height": 1,
                    "marginBottom": 5,
                    "marginLeft": 0,
                    "marginRight": 0,
                    "marginTop": 5,
                  },
                ]
              }
            />
            <Text
              style={
                Array [
                  Object {
                    "fontSize": 17,
                    "fontWeight": "500",
                    "marginBottom": 5,
                    "marginLeft": 0,
                    "marginRight": 0,
                    "marginTop": 5,
                  },
                ]
              }
            >
              Genres: 
            </Text>
            <Text
              testID="genres"
            >
              Action, Adventure, Fantasy, Adult Cast, Video Game
            </Text>
          </View>
        </View>
        <View>
          <View
            accessible={true}
            collapsable={false}
            focusable={true}
            onClick={[Function]}
            onResponderGrant={[Function]}
            onResponderMove={[Function]}
            onResponderRelease={[Function]}
            onResponderTerminate={[Function]}
            onResponderTerminationRequest={[Function]}
            onStartShouldSetResponder={[Function]}
            style={
              Object {
                "backgroundColor": "navy",
                "borderColor": "lightblue",
                "borderRadius": 15,
                "borderWidth": 2,
                "marginBottom": 10,
                "marginLeft": 0,
                "marginRight": 0,
                "marginTop": 10,
                "opacity": 1,
                "paddingBottom": 5,
                "paddingLeft": 5,
                "paddingRight": 5,
                "paddingTop": 5,
              }
            }
            testID="editFavorite"
          >
            <Text
              style={
                Array [
                  Object {
                    "color": "lightblue",
                    "fontSize": 16,
                    "textAlign": "center",
                  },
                ]
              }
            >
              Add this anime to favorite
            </Text>
          </View>
          <Text
            size="20px"
            style={
              Array [
                Object {
                  "fontSize": 17,
                  "fontWeight": "500",
                  "marginBottom": 5,
                  "marginLeft": 0,
                  "marginRight": 0,
                  "marginTop": 5,
                },
              ]
            }
          >
            Synopsis:
          </Text>
          <Text
            style={
              Array [
                Object {
                  "fontSize": 14,
                },
              ]
            }
            testID="synopsis"
          >
            In the blink of an eye, thirty thousand bewildered Japanese gamers are whisked from their everyday lives into the world of the popular MMORPG, Elder Tale, after the game's latest update—unable to log out. Among them is the socially awkward college student Shiroe, whose confusion and shock lasts only a moment as, a veteran of the game, he immediately sets out to explore the limits of his new reality. Shiroe must learn to live in this new world, leading others and negotiating with the NPC "natives" in order to bring stability to the virtual city of Akihabara. He is joined by his unfortunate friend Naotsugu, having logged in for the first time in years only to find himself trapped, and Akatsuki, a petite but fierce assassin who labels Shiroe as her master. A tale of fantasy, adventure, and politics, Log Horizon explores the elements of gaming through the eyes of a master strategist who attempts to make the best of a puzzling situation. [Written by MAL Rewrite]
          </Text>
          <View
            accessible={true}
            collapsable={false}
            focusable={true}
            onClick={[Function]}
            onResponderGrant={[Function]}
            onResponderMove={[Function]}
            onResponderRelease={[Function]}
            onResponderTerminate={[Function]}
            onResponderTerminationRequest={[Function]}
            onStartShouldSetResponder={[Function]}
            style={
              Object {
                "backgroundColor": "navy",
                "borderColor": "lightblue",
                "borderRadius": 15,
                "borderWidth": 2,
                "marginBottom": 10,
                "marginLeft": 0,
                "marginRight": 0,
                "marginTop": 10,
                "opacity": 1,
                "paddingBottom": 5,
                "paddingLeft": 5,
                "paddingRight": 5,
                "paddingTop": 5,
              }
            }
            testID="openURL"
          >
            <Text
              style={
                Array [
                  Object {
                    "color": "lightblue",
                    "fontSize": 16,
                    "textAlign": "center",
                  },
                ]
              }
            >
              Click here for more information!
            </Text>
          </View>
        </View>
      </View>
    </View>
  </RCTScrollView>
</ViewManagerAdapter_ExpoLinearGradient>
`;
