// Jest Snapshot v1, https://goo.gl/fbAQLP

exports[`Test Private Chat Page UI Renders correctly 1`] = `
<ViewManagerAdapter_ExpoLinearGradient
  proxiedProperties={
    Object {
      "colors": Array [
        4287090411,
        4283256319,
      ],
      "endPoint": Array [
        1,
        1,
      ],
      "locations": undefined,
      "startPoint": Array [
        0,
        0,
      ],
    }
  }
  style={
    Object {
      "flex": 1,
      "padding": 5,
    }
  }
>
  <View
    style={
      Array [
        Object {
          "alignItems": "center",
          "flexBasis": 0,
          "flexGrow": 1,
          "flexShrink": 1,
          "justifyContent": "center",
          "width": 750,
        },
      ]
    }
  >
    <Text
      collapsable={false}
      style={
        Object {
          "color": "darkblue",
          "fontSize": 24,
          "fontWeight": "300",
          "opacity": 1,
        }
      }
    >
      Loading
    </Text>
    <View
      style={
        Array [
          Object {
            "alignItems": "center",
            "flexDirection": "row",
            "justifyContent": "center",
          },
        ]
      }
    >
      <View
        collapsable={false}
        style={
          Object {
            "backgroundColor": "darkblue",
            "borderRadius": 100,
            "height": 25,
            "margin": 30,
            "padding": 5,
            "transform": Array [
              Object {
                "scaleX": 1,
              },
              Object {
                "scaleY": 1,
              },
            ],
            "width": 25,
          }
        }
      />
      <View
        collapsable={false}
        style={
          Object {
            "backgroundColor": "darkblue",
            "borderRadius": 100,
            "height": 25,
            "margin": 30,
            "padding": 5,
            "transform": Array [
              Object {
                "scaleX": 1,
              },
              Object {
                "scaleY": 1,
              },
            ],
            "width": 25,
          }
        }
      />
      <View
        collapsable={false}
        style={
          Object {
            "backgroundColor": "darkblue",
            "borderRadius": 100,
            "height": 25,
            "margin": 30,
            "padding": 5,
            "transform": Array [
              Object {
                "scaleX": 1,
              },
              Object {
                "scaleY": 1,
              },
            ],
            "width": 25,
          }
        }
      />
    </View>
  </View>
</ViewManagerAdapter_ExpoLinearGradient>
`;
