// Jest Snapshot v1, https://goo.gl/fbAQLP

exports[`Test Chat Section UI Renders correctly 1`] = `null`;
