// Jest Snapshot v1, https://goo.gl/fbAQLP

exports[`Test Group Chat Page UI Renders correctly 1`] = `
<View
  style={
    Array [
      Object {
        "backgroundColor": "darkcyan",
        "flexBasis": 0,
        "flexGrow": 1,
        "flexShrink": 1,
        "paddingBottom": 5,
        "paddingLeft": 5,
        "paddingRight": 5,
        "paddingTop": 5,
      },
    ]
  }
>
  <View
    style={
      Array [
        Object {
          "alignItems": "center",
          "backgroundColor": "cyan",
          "borderColor": "blue",
          "borderRadius": 10,
          "borderWidth": 1,
          "flexDirection": "row",
          "marginBottom": 10,
          "paddingVertical": 10,
          "width": 740,
        },
      ]
    }
  >
    <View
      size="1"
      style={
        Array [
          Object {
            "flexBasis": 0,
            "flexGrow": 1,
            "flexShrink": 1,
          },
        ]
      }
    >
      <View
        style={
          Object {
            "overflow": "hidden",
          }
        }
      >
        <View
          accessibilityState={
            Object {
              "disabled": false,
            }
          }
          accessible={true}
          focusable={true}
          onClick={[Function]}
          onResponderGrant={[Function]}
          onResponderMove={[Function]}
          onResponderRelease={[Function]}
          onResponderTerminate={[Function]}
          onResponderTerminationRequest={[Function]}
          onStartShouldSetResponder={[Function]}
          testID="backIcon"
        >
          <View
            style={
              Object {
                "alignItems": "center",
                "backgroundColor": "transparent",
                "justifyContent": "center",
              }
            }
          >
            <Text />
          </View>
        </View>
      </View>
    </View>
    <View
      size="2"
      style={
        Array [
          Object {
            "flexBasis": 0,
            "flexGrow": 2,
            "flexShrink": 1,
          },
        ]
      }
    >
      <Image
        source={
          Object {
            "uri": "w-img",
          }
        }
        style={
          Array [
            Object {
              "borderColor": "black",
              "borderRadius": 80,
              "borderWidth": 1,
              "height": 80,
              "width": 80,
            },
          ]
        }
        testID="profileImage"
      />
    </View>
    <View
      size="2"
      style={
        Array [
          Object {
            "flexBasis": 0,
            "flexGrow": 2,
            "flexShrink": 1,
          },
        ]
      }
    >
      <Text
        style={
          Array [
            Object {
              "fontFamily": "Gill Sans",
              "fontSize": 18,
              "fontWeight": "600",
            },
          ]
        }
        testID="name"
      >
        Weebs
      </Text>
      <Text
        style={
          Array [
            Object {
              "fontSize": 14,
            },
          ]
        }
        testID="info"
      >
        For weeb only
      </Text>
    </View>
    <View
      style={
        Array [
          Object {
            "flexBasis": 0,
            "flexDirection": "row",
            "flexGrow": 3,
            "flexShrink": 1,
            "justifyContent": "center",
          },
        ]
      }
    >
      <View
        isSmall={true}
        style={
          Array [
            Object {
              "marginHorizontal": 5,
            },
          ]
        }
      >
        <View
          style={
            Object {
              "overflow": "hidden",
            }
          }
        >
          <View
            accessibilityState={
              Object {
                "disabled": false,
              }
            }
            accessible={true}
            focusable={true}
            onClick={[Function]}
            onResponderGrant={[Function]}
            onResponderMove={[Function]}
            onResponderRelease={[Function]}
            onResponderTerminate={[Function]}
            onResponderTerminationRequest={[Function]}
            onStartShouldSetResponder={[Function]}
            testID="groupPageIcon"
          >
            <View
              style={
                Object {
                  "alignItems": "center",
                  "backgroundColor": "transparent",
                  "justifyContent": "center",
                }
              }
            >
              <Text />
            </View>
          </View>
        </View>
        <Text
          color="navy"
          isSmall={true}
          style={
            Array [
              Object {
                "color": "navy",
                "fontSize": 10,
                "textAlign": "center",
              },
            ]
          }
        >
          Group Info
        </Text>
      </View>
      <View
        isSmall={true}
        style={
          Array [
            Object {
              "marginHorizontal": 5,
            },
          ]
        }
      >
        <View
          style={
            Object {
              "overflow": "hidden",
            }
          }
        >
          <View
            accessibilityState={
              Object {
                "disabled": false,
              }
            }
            accessible={true}
            focusable={true}
            onClick={[Function]}
            onResponderGrant={[Function]}
            onResponderMove={[Function]}
            onResponderRelease={[Function]}
            onResponderTerminate={[Function]}
            onResponderTerminationRequest={[Function]}
            onStartShouldSetResponder={[Function]}
          >
            <View
              style={
                Object {
                  "alignItems": "center",
                  "backgroundColor": "transparent",
                  "justifyContent": "center",
                }
              }
            >
              <Text />
            </View>
          </View>
        </View>
        <Text
          color="#c10015"
          isSmall={true}
          style={
            Array [
              Object {
                "color": "#c10015",
                "fontSize": 10,
                "textAlign": "center",
              },
            ]
          }
        >
          Leave
        </Text>
      </View>
    </View>
  </View>
  <View
    onLayout={[Function]}
    style={
      Object {
        "flex": 1,
      }
    }
  />
</View>
`;
