// Jest Snapshot v1, https://goo.gl/fbAQLP

exports[`Test Profile Home Screen UI Renders correctly 1`] = `
<ViewManagerAdapter_ExpoLinearGradient
  proxiedProperties={
    Object {
      "colors": Array [
        4287090411,
        4283256319,
      ],
      "endPoint": Array [
        1,
        1,
      ],
      "locations": undefined,
      "startPoint": Array [
        0,
        0,
      ],
    }
  }
  style={
    Object {
      "flex": 1,
      "padding": 5,
    }
  }
>
  <RCTScrollView
    style={
      Object {
        "flex": 1,
        "padding": 5,
      }
    }
  >
    <View>
      <View
        style={
          Array [
            Object {
              "alignItems": "center",
              "justifyContent": "center",
              "marginTop": 10,
            },
          ]
        }
      >
        <Image
          source={1}
          style={
            Array [
              Object {
                "borderRadius": 75,
                "height": 150,
                "width": 150,
              },
            ]
          }
        />
        <Text
          style={
            Array [
              Object {
                "fontFamily": "Gill Sans",
                "fontSize": 20,
                "fontWeight": "bold",
                "marginVertical": 10,
              },
            ]
          }
        >
          
        </Text>
        <Text
          style={
            Array [
              Object {
                "color": "aquamarine",
                "fontSize": 15,
                "fontWeight": "600",
                "marginBottom": 10,
                "textAlign": "center",
              },
            ]
          }
        >
          
        </Text>
        <View
          style={
            Array [
              Object {
                "alignItems": "center",
                "flexDirection": "row",
                "justifyContent": "center",
                "marginBottom": 10,
              },
            ]
          }
        >
          <View
            accessible={true}
            collapsable={false}
            focusable={true}
            onClick={[Function]}
            onResponderGrant={[Function]}
            onResponderMove={[Function]}
            onResponderRelease={[Function]}
            onResponderTerminate={[Function]}
            onResponderTerminationRequest={[Function]}
            onStartShouldSetResponder={[Function]}
            style={
              Object {
                "backgroundColor": "#44d0fe",
                "borderColor": "navy",
                "borderRadius": 5,
                "borderWidth": 1,
                "flexBasis": 0,
                "flexGrow": 1,
                "flexShrink": 1,
                "marginHorizontal": 5,
                "opacity": 1,
                "paddingHorizontal": 12,
                "paddingVertical": 8,
              }
            }
            testID="pastPosts"
          >
            <Text
              style={
                Array [
                  Object {
                    "color": "navy",
                    "fontSize": 16,
                    "fontWeight": "600",
                    "textAlign": "center",
                  },
                ]
              }
            >
               Recent Posts 
            </Text>
          </View>
          <View
            accessible={true}
            collapsable={false}
            focusable={true}
            onClick={[Function]}
            onResponderGrant={[Function]}
            onResponderMove={[Function]}
            onResponderRelease={[Function]}
            onResponderTerminate={[Function]}
            onResponderTerminationRequest={[Function]}
            onStartShouldSetResponder={[Function]}
            style={
              Object {
                "backgroundColor": "#44d0fe",
                "borderColor": "navy",
                "borderRadius": 5,
                "borderWidth": 1,
                "flexBasis": 0,
                "flexGrow": 1,
                "flexShrink": 1,
                "marginHorizontal": 5,
                "opacity": 1,
                "paddingHorizontal": 12,
                "paddingVertical": 8,
              }
            }
            testID="editProfile"
          >
            <Text
              style={
                Array [
                  Object {
                    "color": "navy",
                    "fontSize": 16,
                    "fontWeight": "600",
                    "textAlign": "center",
                  },
                ]
              }
            >
              Edit Profile
            </Text>
          </View>
        </View>
        <View
          style={
            Array [
              Object {
                "alignItems": "center",
                "flexDirection": "row",
                "justifyContent": "center",
                "marginBottom": 10,
              },
            ]
          }
        >
          <View
            accessible={true}
            collapsable={false}
            focusable={true}
            onClick={[Function]}
            onResponderGrant={[Function]}
            onResponderMove={[Function]}
            onResponderRelease={[Function]}
            onResponderTerminate={[Function]}
            onResponderTerminationRequest={[Function]}
            onStartShouldSetResponder={[Function]}
            style={
              Object {
                "backgroundColor": "#44d0fe",
                "borderColor": "navy",
                "borderRadius": 5,
                "borderWidth": 1,
                "flexBasis": 0,
                "flexGrow": 1,
                "flexShrink": 1,
                "marginHorizontal": 5,
                "opacity": 1,
                "paddingHorizontal": 12,
                "paddingVertical": 8,
              }
            }
            testID="logOut"
          >
            <Text
              style={
                Array [
                  Object {
                    "color": "navy",
                    "fontSize": 16,
                    "fontWeight": "600",
                    "textAlign": "center",
                  },
                ]
              }
            >
              Logout
            </Text>
          </View>
          <View
            accessible={true}
            collapsable={false}
            focusable={true}
            onClick={[Function]}
            onResponderGrant={[Function]}
            onResponderMove={[Function]}
            onResponderRelease={[Function]}
            onResponderTerminate={[Function]}
            onResponderTerminationRequest={[Function]}
            onStartShouldSetResponder={[Function]}
            style={
              Object {
                "backgroundColor": "#c10015",
                "borderColor": "whitesmoke",
                "borderRadius": 5,
                "borderWidth": 1,
                "flexBasis": 0,
                "flexGrow": 1,
                "flexShrink": 1,
                "marginHorizontal": 5,
                "opacity": 1,
                "paddingHorizontal": 12,
                "paddingVertical": 8,
              }
            }
            testID="delete"
          >
            <Text
              style={
                Array [
                  Object {
                    "color": "whitesmoke",
                    "fontSize": 16,
                    "fontWeight": "600",
                    "textAlign": "center",
                  },
                ]
              }
            >
              Delete Account
            </Text>
          </View>
        </View>
      </View>
      <View
        style={
          Array [
            Object {
              "alignSelf": "stretch",
              "borderTopColor": "black",
              "borderTopWidth": 1,
              "marginBottom": 10,
              "marginLeft": 10,
              "marginRight": 10,
              "marginTop": 10,
              "paddingBottom": 5,
              "paddingLeft": 5,
              "paddingRight": 5,
              "paddingTop": 5,
            },
          ]
        }
      >
        <View
          accessible={true}
          focusable={true}
          onClick={[Function]}
          onResponderGrant={[Function]}
          onResponderMove={[Function]}
          onResponderRelease={[Function]}
          onResponderTerminate={[Function]}
          onResponderTerminationRequest={[Function]}
          onStartShouldSetResponder={[Function]}
        >
          <View
            style={
              Object {
                "alignItems": "center",
                "backgroundColor": "#87CEFA",
                "borderBottomWidth": 1,
                "borderColor": "#011F5B",
                "borderRadius": 10,
                "borderWidth": 1,
                "flexDirection": "row",
                "marginVertical": 5,
                "padding": 14,
              }
            }
            testID="padView"
          >
            <View
              style={
                Array [
                  Object {
                    "alignItems": "flex-start",
                    "flex": 1,
                    "justifyContent": "center",
                  },
                  undefined,
                ]
              }
              theme={
                Object {
                  "colors": Object {
                    "black": "#242424",
                    "disabled": "hsl(208, 8%, 90%)",
                    "divider": "#bcbbc1",
                    "error": "#ff190c",
                    "grey0": "#393e42",
                    "grey1": "#43484d",
                    "grey2": "#5e6977",
                    "grey3": "#86939e",
                    "grey4": "#bdc6cf",
                    "grey5": "#e1e8ee",
                    "greyOutline": "#bbb",
                    "platform": Object {
                      "android": Object {
                        "error": "#f44336",
                        "grey": "rgba(0, 0, 0, 0.54)",
                        "primary": "#2196f3",
                        "searchBg": "#dcdce1",
                        "secondary": "#9C27B0",
                        "success": "#4caf50",
                        "warning": "#ffeb3b",
                      },
                      "default": Object {
                        "error": "#ff3b30",
                        "grey": "#7d7d7d",
                        "primary": "#007aff",
                        "searchBg": "#dcdce1",
                        "secondary": "#5856d6",
                        "success": "#4cd964",
                        "warning": "#ffcc00",
                      },
                      "ios": Object {
                        "error": "#ff3b30",
                        "grey": "#7d7d7d",
                        "primary": "#007aff",
                        "searchBg": "#dcdce1",
                        "secondary": "#5856d6",
                        "success": "#4cd964",
                        "warning": "#ffcc00",
                      },
                      "web": Object {
                        "error": "#ff190c",
                        "grey": "#393e42",
                        "primary": "#2089dc",
                        "searchBg": "#303337",
                        "secondary": "#ca71eb",
                        "success": "#52c41a",
                        "warning": "#faad14",
                      },
                    },
                    "primary": "#2089dc",
                    "searchBg": "#303337",
                    "secondary": "#ca71eb",
                    "success": "#52c41a",
                    "warning": "#faad14",
                    "white": "#ffffff",
                  },
                }
              }
            >
              <Text
                style={
                  Object {
                    "backgroundColor": "transparent",
                    "color": "#242424",
                    "fontSize": 17,
                  }
                }
                testID="listItemTitle"
              >
                <Text
                  style={
                    Array [
                      Object {
                        "fontFamily": "Gill Sans",
                        "fontSize": 20,
                        "fontWeight": "600",
                        "textDecorationLine": "underline",
                      },
                    ]
                  }
                >
                  Favorite Genre
                </Text>
              </Text>
            </View>
            <View
              style={
                Object {
                  "paddingLeft": 16,
                }
              }
            />
            <View
              collapsable={false}
              style={
                Object {
                  "transform": Array [
                    Object {
                      "rotate": "0deg",
                    },
                  ],
                }
              }
            >
              <View
                style={
                  Object {
                    "overflow": "hidden",
                  }
                }
              >
                <View>
                  <View
                    style={
                      Object {
                        "alignItems": "center",
                        "backgroundColor": "transparent",
                        "justifyContent": "center",
                      }
                    }
                  >
                    <Text />
                  </View>
                </View>
              </View>
            </View>
          </View>
        </View>
        <View
          collapsable={false}
          style={
            Object {
              "maxHeight": "0%",
              "opacity": 0,
            }
          }
        />
        <View
          accessible={true}
          focusable={true}
          onClick={[Function]}
          onResponderGrant={[Function]}
          onResponderMove={[Function]}
          onResponderRelease={[Function]}
          onResponderTerminate={[Function]}
          onResponderTerminationRequest={[Function]}
          onStartShouldSetResponder={[Function]}
        >
          <View
            style={
              Object {
                "alignItems": "center",
                "backgroundColor": "#87CEFA",
                "borderBottomWidth": 1,
                "borderColor": "#011F5B",
                "borderRadius": 10,
                "borderWidth": 1,
                "flexDirection": "row",
                "marginVertical": 5,
                "padding": 14,
              }
            }
            testID="padView"
          >
            <View
              style={
                Array [
                  Object {
                    "alignItems": "flex-start",
                    "flex": 1,
                    "justifyContent": "center",
                  },
                  undefined,
                ]
              }
              theme={
                Object {
                  "colors": Object {
                    "black": "#242424",
                    "disabled": "hsl(208, 8%, 90%)",
                    "divider": "#bcbbc1",
                    "error": "#ff190c",
                    "grey0": "#393e42",
                    "grey1": "#43484d",
                    "grey2": "#5e6977",
                    "grey3": "#86939e",
                    "grey4": "#bdc6cf",
                    "grey5": "#e1e8ee",
                    "greyOutline": "#bbb",
                    "platform": Object {
                      "android": Object {
                        "error": "#f44336",
                        "grey": "rgba(0, 0, 0, 0.54)",
                        "primary": "#2196f3",
                        "searchBg": "#dcdce1",
                        "secondary": "#9C27B0",
                        "success": "#4caf50",
                        "warning": "#ffeb3b",
                      },
                      "default": Object {
                        "error": "#ff3b30",
                        "grey": "#7d7d7d",
                        "primary": "#007aff",
                        "searchBg": "#dcdce1",
                        "secondary": "#5856d6",
                        "success": "#4cd964",
                        "warning": "#ffcc00",
                      },
                      "ios": Object {
                        "error": "#ff3b30",
                        "grey": "#7d7d7d",
                        "primary": "#007aff",
                        "searchBg": "#dcdce1",
                        "secondary": "#5856d6",
                        "success": "#4cd964",
                        "warning": "#ffcc00",
                      },
                      "web": Object {
                        "error": "#ff190c",
                        "grey": "#393e42",
                        "primary": "#2089dc",
                        "searchBg": "#303337",
                        "secondary": "#ca71eb",
                        "success": "#52c41a",
                        "warning": "#faad14",
                      },
                    },
                    "primary": "#2089dc",
                    "searchBg": "#303337",
                    "secondary": "#ca71eb",
                    "success": "#52c41a",
                    "warning": "#faad14",
                    "white": "#ffffff",
                  },
                }
              }
            >
              <Text
                style={
                  Object {
                    "backgroundColor": "transparent",
                    "color": "#242424",
                    "fontSize": 17,
                  }
                }
                testID="listItemTitle"
              >
                <Text
                  style={
                    Array [
                      Object {
                        "fontFamily": "Gill Sans",
                        "fontSize": 20,
                        "fontWeight": "600",
                        "textDecorationLine": "underline",
                      },
                    ]
                  }
                >
                  Favorite Anime
                </Text>
              </Text>
            </View>
            <View
              style={
                Object {
                  "paddingLeft": 16,
                }
              }
            />
            <View
              collapsable={false}
              style={
                Object {
                  "transform": Array [
                    Object {
                      "rotate": "0deg",
                    },
                  ],
                }
              }
            >
              <View
                style={
                  Object {
                    "overflow": "hidden",
                  }
                }
              >
                <View>
                  <View
                    style={
                      Object {
                        "alignItems": "center",
                        "backgroundColor": "transparent",
                        "justifyContent": "center",
                      }
                    }
                  >
                    <Text />
                  </View>
                </View>
              </View>
            </View>
          </View>
        </View>
        <View
          collapsable={false}
          style={
            Object {
              "maxHeight": "0%",
              "opacity": 0,
            }
          }
        />
      </View>
    </View>
  </RCTScrollView>
</ViewManagerAdapter_ExpoLinearGradient>
`;
