// Jest Snapshot v1, https://goo.gl/fbAQLP

exports[`Test Group Creation UI Renders correctly 1`] = `
<View
  style={
    Array [
      Object {
        "alignItems": "center",
        "backgroundColor": "#008b8b",
        "flexBasis": 0,
        "flexGrow": 1,
        "flexShrink": 1,
        "paddingBottom": 5,
        "paddingLeft": 5,
        "paddingRight": 5,
        "paddingTop": 5,
      },
    ]
  }
>
  <Modal
    animationType="fade"
    hardwareAccelerated={false}
    onRequestClose={[Function]}
    presentationStyle="pageSheet"
    visible={false}
  />
  <View
    accessible={true}
    collapsable={false}
    focusable={true}
    onClick={[Function]}
    onResponderGrant={[Function]}
    onResponderMove={[Function]}
    onResponderRelease={[Function]}
    onResponderTerminate={[Function]}
    onResponderTerminationRequest={[Function]}
    onStartShouldSetResponder={[Function]}
    style={
      Object {
        "alignSelf": "stretch",
        "backgroundColor": "#7FFFD4",
        "borderRadius": 10,
        "borderWidth": 1,
        "marginBottom": 5,
        "marginLeft": 5,
        "marginRight": 5,
        "marginTop": 5,
        "opacity": 1,
        "paddingBottom": 5,
        "paddingLeft": 5,
        "paddingRight": 5,
        "paddingTop": 5,
      }
    }
  >
    <Text
      style={
        Array [
          Object {
            "color": "#483d8b",
            "fontSize": 14,
            "textAlign": "center",
          },
        ]
      }
    >
       Go back
    </Text>
  </View>
  <View
    style={
      Array [
        Object {
          "alignItems": "center",
          "justifyContent": "center",
        },
      ]
    }
  >
    <Image
      source={
        Object {
          "uri": "weebs-img",
        }
      }
      style={
        Array [
          Object {
            "alignSelf": "center",
            "borderColor": "black",
            "borderRadius": 75,
            "borderWidth": 1,
            "height": 125,
            "marginTop": 30,
            "width": 125,
          },
        ]
      }
    />
    <View
      accessible={true}
      collapsable={false}
      focusable={true}
      onClick={[Function]}
      onResponderGrant={[Function]}
      onResponderMove={[Function]}
      onResponderRelease={[Function]}
      onResponderTerminate={[Function]}
      onResponderTerminationRequest={[Function]}
      onStartShouldSetResponder={[Function]}
      style={
        Object {
          "alignSelf": "stretch",
          "backgroundColor": "#000080",
          "borderRadius": 10,
          "marginTop": 10,
          "opacity": 1,
          "paddingBottom": 15,
          "paddingLeft": 15,
          "paddingRight": 15,
          "paddingTop": 15,
        }
      }
    >
      <Text
        style={
          Array [
            Object {
              "alignSelf": "center",
              "color": "#ffffff",
              "fontSize": 15,
              "fontWeight": "bold",
              "justifyContent": "center",
            },
          ]
        }
      >
        Change group photo
      </Text>
    </View>
  </View>
  <View
    style={
      Array [
        Object {
          "alignItems": "stretch",
          "borderBottomWidth": 0,
          "borderColor": "#000080",
          "borderWidth": 1,
          "height": 250,
          "marginTop": 30,
          "width": 740,
        },
      ]
    }
  >
    <View
      style={
        Array [
          Object {
            "marginLeft": 10,
          },
        ]
      }
    >
      <Text
        size="13px"
        style={
          Array [
            Object {
              "fontFamily": "Gill Sans",
              "fontSize": 13,
              "fontWeight": "bold",
              "textDecorationLine": "underline",
            },
          ]
        }
        underline={true}
      >
        Group Name
      </Text>
    </View>
    <TextInput
      onChangeText={[Function]}
      placeholder="name"
      style={
        Array [
          Object {
            "borderBottomColor": "#000080",
            "borderBottomWidth": 1,
            "flexBasis": 0,
            "flexDirection": "row",
            "flexGrow": 1,
            "flexShrink": 1,
            "paddingBottom": 5,
            "paddingLeft": 10,
          },
        ]
      }
      value="Weebs"
    />
    <View
      style={
        Array [
          Object {
            "marginLeft": 10,
          },
        ]
      }
    >
      <Text
        size="13px"
        style={
          Array [
            Object {
              "fontFamily": "Gill Sans",
              "fontSize": 13,
              "fontWeight": "bold",
              "textDecorationLine": "underline",
            },
          ]
        }
        underline={true}
      >
        Group Description
      </Text>
    </View>
    <TextInput
      onChangeText={[Function]}
      placeholder="description"
      style={
        Array [
          Object {
            "borderBottomColor": "#000080",
            "borderBottomWidth": 1,
            "flexBasis": 0,
            "flexDirection": "row",
            "flexGrow": 1,
            "flexShrink": 1,
            "paddingBottom": 5,
            "paddingLeft": 10,
          },
        ]
      }
      value="weebs only"
    />
  </View>
  <View
    accessible={true}
    collapsable={false}
    focusable={true}
    onClick={[Function]}
    onResponderGrant={[Function]}
    onResponderMove={[Function]}
    onResponderRelease={[Function]}
    onResponderTerminate={[Function]}
    onResponderTerminationRequest={[Function]}
    onStartShouldSetResponder={[Function]}
    style={
      Object {
        "alignSelf": "stretch",
        "backgroundColor": "#000080",
        "borderRadius": 10,
        "marginTop": 10,
        "opacity": 1,
        "paddingBottom": 15,
        "paddingLeft": 15,
        "paddingRight": 15,
        "paddingTop": 15,
      }
    }
  >
    <Text
      style={
        Array [
          Object {
            "alignSelf": "center",
            "color": "#ffffff",
            "fontSize": 15,
            "fontWeight": "bold",
            "justifyContent": "center",
          },
        ]
      }
    >
      Update Group Details
    </Text>
  </View>
</View>
`;
