// Jest Snapshot v1, https://goo.gl/fbAQLP

exports[`Test Group List UI Renders correctly 1`] = `
Array [
  <View
    accessible={true}
    focusable={true}
    onClick={[Function]}
    onResponderGrant={[Function]}
    onResponderMove={[Function]}
    onResponderRelease={[Function]}
    onResponderTerminate={[Function]}
    onResponderTerminationRequest={[Function]}
    onStartShouldSetResponder={[Function]}
  >
    <View
      style={
        Object {
          "alignItems": "center",
          "backgroundColor": "#87CEFA",
          "borderBottomWidth": 1,
          "borderColor": "#011F5B",
          "borderRadius": 10,
          "borderWidth": 1,
          "flexDirection": "row",
          "marginVertical": 5,
          "padding": 14,
        }
      }
      testID="padView"
    >
      <View
        style={
          Object {
            "backgroundColor": "transparent",
            "borderColor": "black",
            "borderRadius": 25,
            "borderWidth": 1,
            "height": 50,
            "marginRight": 10,
            "width": 50,
          }
        }
        testID="image"
        theme={
          Object {
            "colors": Object {
              "black": "#242424",
              "disabled": "hsl(208, 8%, 90%)",
              "divider": "#bcbbc1",
              "error": "#ff190c",
              "grey0": "#393e42",
              "grey1": "#43484d",
              "grey2": "#5e6977",
              "grey3": "#86939e",
              "grey4": "#bdc6cf",
              "grey5": "#e1e8ee",
              "greyOutline": "#bbb",
              "platform": Object {
                "android": Object {
                  "error": "#f44336",
                  "grey": "rgba(0, 0, 0, 0.54)",
                  "primary": "#2196f3",
                  "searchBg": "#dcdce1",
                  "secondary": "#9C27B0",
                  "success": "#4caf50",
                  "warning": "#ffeb3b",
                },
                "default": Object {
                  "error": "#ff3b30",
                  "grey": "#7d7d7d",
                  "primary": "#007aff",
                  "searchBg": "#dcdce1",
                  "secondary": "#5856d6",
                  "success": "#4cd964",
                  "warning": "#ffcc00",
                },
                "ios": Object {
                  "error": "#ff3b30",
                  "grey": "#7d7d7d",
                  "primary": "#007aff",
                  "searchBg": "#dcdce1",
                  "secondary": "#5856d6",
                  "success": "#4cd964",
                  "warning": "#ffcc00",
                },
                "web": Object {
                  "error": "#ff190c",
                  "grey": "#393e42",
                  "primary": "#2089dc",
                  "searchBg": "#303337",
                  "secondary": "#ca71eb",
                  "success": "#52c41a",
                  "warning": "#faad14",
                },
              },
              "primary": "#2089dc",
              "searchBg": "#303337",
              "secondary": "#ca71eb",
              "success": "#52c41a",
              "warning": "#faad14",
              "white": "#ffffff",
            },
          }
        }
      >
        <View
          accessibilityIgnoresInvertColors={true}
          style={
            Object {
              "backgroundColor": "transparent",
              "borderRadius": 25,
              "flex": 1,
              "overflow": "hidden",
              "position": "relative",
            }
          }
        >
          <Image
            borderRadius={25}
            onLoad={[Function]}
            source={
              Object {
                "uri": "weeb-img",
              }
            }
            style={
              Object {
                "bottom": 0,
                "flex": 1,
                "height": undefined,
                "left": 0,
                "position": "absolute",
                "right": 0,
                "top": 0,
                "width": undefined,
              }
            }
            testID="RNE__Image"
            theme={
              Object {
                "colors": Object {
                  "black": "#242424",
                  "disabled": "hsl(208, 8%, 90%)",
                  "divider": "#bcbbc1",
                  "error": "#ff190c",
                  "grey0": "#393e42",
                  "grey1": "#43484d",
                  "grey2": "#5e6977",
                  "grey3": "#86939e",
                  "grey4": "#bdc6cf",
                  "grey5": "#e1e8ee",
                  "greyOutline": "#bbb",
                  "platform": Object {
                    "android": Object {
                      "error": "#f44336",
                      "grey": "rgba(0, 0, 0, 0.54)",
                      "primary": "#2196f3",
                      "searchBg": "#dcdce1",
                      "secondary": "#9C27B0",
                      "success": "#4caf50",
                      "warning": "#ffeb3b",
                    },
                    "default": Object {
                      "error": "#ff3b30",
                      "grey": "#7d7d7d",
                      "primary": "#007aff",
                      "searchBg": "#dcdce1",
                      "secondary": "#5856d6",
                      "success": "#4cd964",
                      "warning": "#ffcc00",
                    },
                    "ios": Object {
                      "error": "#ff3b30",
                      "grey": "#7d7d7d",
                      "primary": "#007aff",
                      "searchBg": "#dcdce1",
                      "secondary": "#5856d6",
                      "success": "#4cd964",
                      "warning": "#ffcc00",
                    },
                    "web": Object {
                      "error": "#ff190c",
                      "grey": "#393e42",
                      "primary": "#2089dc",
                      "searchBg": "#303337",
                      "secondary": "#ca71eb",
                      "success": "#52c41a",
                      "warning": "#faad14",
                    },
                  },
                  "primary": "#2089dc",
                  "searchBg": "#303337",
                  "secondary": "#ca71eb",
                  "success": "#52c41a",
                  "warning": "#faad14",
                  "white": "#ffffff",
                },
              }
            }
            transition={true}
            transitionDuration={360}
          />
          <View
            accessibilityElementsHidden={true}
            collapsable={false}
            importantForAccessibility="no-hide-descendants"
            pointerEvents="none"
            style={
              Object {
                "bottom": 0,
                "left": 0,
                "opacity": 1,
                "position": "absolute",
                "right": 0,
                "top": 0,
              }
            }
          >
            <View
              style={
                Object {
                  "alignItems": "center",
                  "backgroundColor": "#bdbdbd",
                  "flex": 1,
                  "height": undefined,
                  "justifyContent": "center",
                  "width": undefined,
                }
              }
              testID="RNE__Image__placeholder"
            />
          </View>
          <View
            style={
              Object {
                "flex": 1,
                "height": undefined,
                "width": undefined,
              }
            }
            testID="RNE__Image__children__container"
          />
        </View>
      </View>
      <View
        style={
          Array [
            Object {
              "alignItems": "flex-start",
              "flex": 1,
              "justifyContent": "center",
            },
            undefined,
          ]
        }
        theme={
          Object {
            "colors": Object {
              "black": "#242424",
              "disabled": "hsl(208, 8%, 90%)",
              "divider": "#bcbbc1",
              "error": "#ff190c",
              "grey0": "#393e42",
              "grey1": "#43484d",
              "grey2": "#5e6977",
              "grey3": "#86939e",
              "grey4": "#bdc6cf",
              "grey5": "#e1e8ee",
              "greyOutline": "#bbb",
              "platform": Object {
                "android": Object {
                  "error": "#f44336",
                  "grey": "rgba(0, 0, 0, 0.54)",
                  "primary": "#2196f3",
                  "searchBg": "#dcdce1",
                  "secondary": "#9C27B0",
                  "success": "#4caf50",
                  "warning": "#ffeb3b",
                },
                "default": Object {
                  "error": "#ff3b30",
                  "grey": "#7d7d7d",
                  "primary": "#007aff",
                  "searchBg": "#dcdce1",
                  "secondary": "#5856d6",
                  "success": "#4cd964",
                  "warning": "#ffcc00",
                },
                "ios": Object {
                  "error": "#ff3b30",
                  "grey": "#7d7d7d",
                  "primary": "#007aff",
                  "searchBg": "#dcdce1",
                  "secondary": "#5856d6",
                  "success": "#4cd964",
                  "warning": "#ffcc00",
                },
                "web": Object {
                  "error": "#ff190c",
                  "grey": "#393e42",
                  "primary": "#2089dc",
                  "searchBg": "#303337",
                  "secondary": "#ca71eb",
                  "success": "#52c41a",
                  "warning": "#faad14",
                },
              },
              "primary": "#2089dc",
              "searchBg": "#303337",
              "secondary": "#ca71eb",
              "success": "#52c41a",
              "warning": "#faad14",
              "white": "#ffffff",
            },
          }
        }
      >
        <Text
          style={
            Object {
              "backgroundColor": "transparent",
              "color": "#1D428A",
              "fontSize": 17,
            }
          }
          testID="name"
        >
          Weebs
        </Text>
        <Text
          style={
            Object {
              "backgroundColor": "transparent",
              "color": "#1D428A",
              "fontSize": 15,
            }
          }
          testID="info"
        >
          weebs only
        </Text>
      </View>
      <View
        style={
          Object {
            "paddingLeft": 16,
          }
        }
      />
      <View
        collapsable={false}
        style={
          Object {
            "transform": Array [
              Object {
                "rotate": "0deg",
              },
            ],
          }
        }
      >
        <View
          style={
            Object {
              "overflow": "hidden",
            }
          }
        >
          <View>
            <View
              style={
                Object {
                  "alignItems": "center",
                  "backgroundColor": "transparent",
                  "justifyContent": "center",
                }
              }
            >
              <Text />
            </View>
          </View>
        </View>
      </View>
    </View>
  </View>,
  <View
    collapsable={false}
    style={
      Object {
        "maxHeight": "0%",
        "opacity": 0,
      }
    }
  />,
]
`;
