// Jest Snapshot v1, https://goo.gl/fbAQLP

exports[`Test Forum Admin List UI Renders correctly 1`] = `
<RCTScrollView
  data={
    Array [
      Object {
        "data": Array [],
      },
    ]
  }
  getItem={[Function]}
  getItemCount={[Function]}
  keyExtractor={[Function]}
  onContentSizeChange={[Function]}
  onLayout={[Function]}
  onMomentumScrollBegin={[Function]}
  onMomentumScrollEnd={[Function]}
  onScroll={[Function]}
  onScrollBeginDrag={[Function]}
  onScrollEndDrag={[Function]}
  removeClippedSubviews={true}
  renderFooter={[Function]}
  renderHeader={[Function]}
  renderItem={[Function]}
  scrollEventThrottle={50}
  stickyHeaderIndices={
    Array [
      0,
    ]
  }
>
  <View>
    <View
      onLayout={[Function]}
      style={null}
    />
    <View
      onLayout={[Function]}
      style={null}
    />
  </View>
</RCTScrollView>
`;
