// Jest Snapshot v1, https://goo.gl/fbAQLP

exports[`Test Forum List UI Renders correctly 1`] = `
Array [
  <TextInput
    onChangeText={[Function]}
    placeholder="Search Forum By Name..."
    style={
      Array [
        Object {
          "alignSelf": "stretch",
          "backgroundColor": "whitesmoke",
          "borderColor": "black",
          "borderRadius": 10,
          "borderWidth": 1,
          "color": "black",
          "flexGrow": 0,
          "flexShrink": 0,
          "marginBottom": 10,
          "marginLeft": 10,
          "marginRight": 10,
          "marginTop": 10,
          "paddingBottom": 5,
          "paddingLeft": 5,
          "paddingRight": 5,
          "paddingTop": 5,
        },
      ]
    }
  />,
  <RCTScrollView
    data={
      Array [
        Object {
          "data": Array [],
        },
      ]
    }
    getItem={[Function]}
    getItemCount={[Function]}
    keyExtractor={[Function]}
    onContentSizeChange={[Function]}
    onLayout={[Function]}
    onMomentumScrollBegin={[Function]}
    onMomentumScrollEnd={[Function]}
    onScroll={[Function]}
    onScrollBeginDrag={[Function]}
    onScrollEndDrag={[Function]}
    removeClippedSubviews={true}
    renderFooter={[Function]}
    renderHeader={[Function]}
    renderItem={[Function]}
    scrollEventThrottle={50}
    stickyHeaderIndices={
      Array [
        0,
      ]
    }
  >
    <View>
      <View
        onLayout={[Function]}
        style={null}
      />
      <View
        onLayout={[Function]}
        style={null}
      />
    </View>
  </RCTScrollView>,
]
`;
