// Jest Snapshot v1, https://goo.gl/fbAQLP

exports[`Test Post List UI Renders correctly 1`] = `
<RCTScrollView
  data={
    Array [
      Object {
        "data": Array [],
      },
    ]
  }
  getItem={[Function]}
  getItemCount={[Function]}
  keyExtractor={[Function]}
  onContentSizeChange={[Function]}
  onLayout={[Function]}
  onMomentumScrollBegin={[Function]}
  onMomentumScrollEnd={[Function]}
  onScroll={[Function]}
  onScrollBeginDrag={[Function]}
  onScrollEndDrag={[Function]}
  removeClippedSubviews={true}
  renderFooter={[Function]}
  renderItem={[Function]}
  scrollEventThrottle={50}
  stickyHeaderIndices={
    Array [
      0,
    ]
  }
>
  <View>
    <View
      onLayout={[Function]}
      style={null}
    >
      <TextInput
        onChangeText={[Function]}
        placeholder="Search By Title..."
        style={
          Object {
            "backgroundColor": "white",
            "borderColor": "black",
            "borderRadius": 10,
            "borderWidth": 1,
            "color": "black",
            "flexGrow": 0,
            "flexShrink": 0,
            "margin": 10,
            "padding": 5,
          }
        }
      />
    </View>
    <View
      onLayout={[Function]}
      style={null}
    />
  </View>
</RCTScrollView>
`;
